STARTED_AT: 2026-07-01T23:32:21.186494
COMMAND: 'C:\Users\Hp\AppData\Local\Programs\Python\Python313\python.exe' -m Modules.user_GUI.back_end.spider_runner --spider-key kijiji --settings-module Modules.spiders.kijiji_spider.kijiji_spider.settings

2026-07-01 16:32:22,961 [INFO] Modules.user_GUI.back_end.spider_service: Running spider by key=kijiji module=Modules.spiders.kijiji_spider.kijiji_spider.spiders.kijiji_rental_spider class=KijijiRentalsSpider settings_module=Modules.spiders.kijiji_spider.kijiji_spider.settings
2026-07-01 16:32:26 [scrapy.utils.log] INFO: Scrapy 2.16.0 started (bot: kijiji_spider)
2026-07-01 16:32:26 [scrapy.utils.log] INFO: Versions:
{'lxml': '6.1.1',
 'libxml2': '2.11.9',
 'cssselect': '1.4.0',
 'parsel': '1.11.0',
 'w3lib': '2.4.1',
 'Twisted': '26.4.0',
 'Python': '3.13.12 (tags/v3.13.12:1cbe481, Feb  3 2026, 18:22:25) [MSC v.1944 '
           '64 bit (AMD64)]',
 'pyOpenSSL': '26.3.0 (OpenSSL 4.0.1 9 Jun 2026)',
 'cryptography': '49.0.0',
 'Platform': 'Windows-10-10.0.19045-SP0'}
2026-07-01 16:32:26 [scrapy.addons] INFO: Enabled addons:
[]
2026-07-01 16:32:26 [scrapy.extensions.telnet] INFO: Telnet Password: aaf3dbade03d37ec
2026-07-01 16:32:26 [scrapy.middleware] INFO: Enabled extensions:
['scrapy.extensions.corestats.CoreStats',
 'scrapy.extensions.logcount.LogCount',
 'scrapy.extensions.telnet.TelnetConsole',
 'scrapy.extensions.logstats.LogStats',
 'scrapy.extensions.throttle.AutoThrottle']
2026-07-01 16:32:26 [scrapy.crawler] INFO: Overridden settings:
{'AUTOTHROTTLE_ENABLED': True,
 'AUTOTHROTTLE_MAX_DELAY': 10,
 'AUTOTHROTTLE_START_DELAY': 2,
 'BOT_NAME': 'kijiji_spider',
 'CONCURRENT_REQUESTS_PER_DOMAIN': 1,
 'COOKIES_ENABLED': False,
 'DOWNLOAD_DELAY': 25,
 'FEED_EXPORT_ENCODING': 'utf-8',
 'HTTPCACHE_DIR': 'kijiji_spider_cache',
 'HTTPCACHE_EXPIRATION_SECS': 3600,
 'HTTPCACHE_IGNORE_HTTP_CODES': [503, 504, 505, 500, 403, 404],
 'LOG_LEVEL': 'INFO',
 'NEWSPIDER_MODULE': 'Modules.spiders.kijiji_spider.kijiji_spider.spiders',
 'RETRY_HTTP_CODES': [500, 502, 503, 504, 408, 429],
 'RETRY_TIMES': 3,
 'SPIDER_MODULES': ['Modules.spiders.kijiji_spider.kijiji_spider.spiders'],
 'USER_AGENT': 'Mozilla/5.0 (Windows NT 10.0; Win64; x64) AppleWebKit/537.36 '
               '(KHTML, like Gecko) Chrome/120.0.0.0 Safari/537.36'}
2026-07-01 16:32:27 [scrapy.middleware] INFO: Enabled downloader middlewares:
['scrapy.downloadermiddlewares.offsite.OffsiteMiddleware',
 'scrapy.downloadermiddlewares.httpauth.HttpAuthMiddleware',
 'scrapy.downloadermiddlewares.downloadtimeout.DownloadTimeoutMiddleware',
 'scrapy.downloadermiddlewares.defaultheaders.DefaultHeadersMiddleware',
 'Modules.spiders.kijiji_spider.kijiji_spider.middlewares.UserAgentRotationMiddleware',
 'scrapy.downloadermiddlewares.useragent.UserAgentMiddleware',
 'Modules.spiders.kijiji_spider.kijiji_spider.middlewares.KijijiSpiderDownloaderMiddleware',
 'scrapy.downloadermiddlewares.retry.RetryMiddleware',
 'scrapy.downloadermiddlewares.redirect.MetaRefreshMiddleware',
 'scrapy.downloadermiddlewares.httpcompression.HttpCompressionMiddleware',
 'scrapy.downloadermiddlewares.redirect.RedirectMiddleware',
 'scrapy.downloadermiddlewares.httpproxy.HttpProxyMiddleware',
 'scrapy.downloadermiddlewares.stats.DownloaderStats']
2026-07-01 16:32:27 [py.warnings] WARNING: C:\Users\Hp\AppData\Local\Programs\Python\Python313\Lib\site-packages\scrapy\core\downloader\middleware.py:46: ScrapyDeprecationWarning: UserAgentRotationMiddleware.process_request() requires a spider argument, this is deprecated and the argument will not be passed in future Scrapy versions. If you need to access the spider instance you can save the crawler instance passed to from_crawler() and use its spider attribute.
  self._check_mw_method_spider_arg(mw.process_request)

2026-07-01 16:32:27 [py.warnings] WARNING: C:\Users\Hp\AppData\Local\Programs\Python\Python313\Lib\site-packages\scrapy\core\downloader\middleware.py:46: ScrapyDeprecationWarning: KijijiSpiderDownloaderMiddleware.process_request() requires a spider argument, this is deprecated and the argument will not be passed in future Scrapy versions. If you need to access the spider instance you can save the crawler instance passed to from_crawler() and use its spider attribute.
  self._check_mw_method_spider_arg(mw.process_request)

2026-07-01 16:32:27 [py.warnings] WARNING: C:\Users\Hp\AppData\Local\Programs\Python\Python313\Lib\site-packages\scrapy\core\downloader\middleware.py:49: ScrapyDeprecationWarning: KijijiSpiderDownloaderMiddleware.process_response() requires a spider argument, this is deprecated and the argument will not be passed in future Scrapy versions. If you need to access the spider instance you can save the crawler instance passed to from_crawler() and use its spider attribute.
  self._check_mw_method_spider_arg(mw.process_response)

2026-07-01 16:32:27 [py.warnings] WARNING: C:\Users\Hp\AppData\Local\Programs\Python\Python313\Lib\site-packages\scrapy\core\downloader\middleware.py:52: ScrapyDeprecationWarning: KijijiSpiderDownloaderMiddleware.process_exception() requires a spider argument, this is deprecated and the argument will not be passed in future Scrapy versions. If you need to access the spider instance you can save the crawler instance passed to from_crawler() and use its spider attribute.
  self._check_mw_method_spider_arg(mw.process_exception)

2026-07-01 16:32:27 [scrapy.middleware] INFO: Enabled spider middlewares:
['scrapy.spidermiddlewares.start.StartSpiderMiddleware',
 'scrapy.spidermiddlewares.httperror.HttpErrorMiddleware',
 'scrapy.spidermiddlewares.referer.RefererMiddleware',
 'scrapy.spidermiddlewares.urllength.UrlLengthMiddleware',
 'scrapy.spidermiddlewares.depth.DepthMiddleware']
2026-07-01 16:32:27 [scrapy.middleware] INFO: Enabled item pipelines:
['Modules.spiders.kijiji_spider.kijiji_spider.pipelines.KijijiSpiderPipeline']
2026-07-01 16:32:27 [py.warnings] WARNING: C:\Users\Hp\AppData\Local\Programs\Python\Python313\Lib\site-packages\scrapy\pipelines\__init__.py:49: ScrapyDeprecationWarning: KijijiSpiderPipeline.process_item() requires a spider argument, this is deprecated and the argument will not be passed in future Scrapy versions. If you need to access the spider instance you can save the crawler instance passed to from_crawler() and use its spider attribute.
  self._check_mw_method_spider_arg(mw.process_item)

2026-07-01 16:32:27 [scrapy.core.engine] INFO: Spider opened
2026-07-01 16:32:27 [scrapy.extensions.logstats] INFO: Crawled 0 pages (at 0 pages/min), scraped 0 items (at 0 items/min)
2026-07-01 16:32:27 [kijiji_spider] INFO: Spider opened: kijiji_spider
2026-07-01 16:32:27 [kijiji_spider] INFO: Spider opened: kijiji_spider
2026-07-01 16:32:27 [scrapy.extensions.telnet] INFO: Telnet console listening on 127.0.0.1:6024
2026-07-01 16:32:29 [kijiji_spider] INFO: Page 1: found 46 listings
2026-07-01 16:32:55 [kijiji_spider] INFO: Page 2: found 44 listings


[JOB-END] status=aborted finished_at=2026-07-01T23:33:15.683372
