STARTED_AT: 2026-07-02T00:35:06.229418
COMMAND: 'C:\Users\Hp\AppData\Local\Programs\Python\Python313\python.exe' -m Modules.user_GUI.back_end.spider_runner --spider-key realtylink --settings-module Modules.spiders.realtylink.realtylink.settings

2026-07-01 17:35:07,944 [INFO] Modules.user_GUI.back_end.spider_service: Running spider by key=realtylink module=Modules.spiders.realtylink.realtylink.spiders.realtylink_spider class=RealtylinkSpiderSpider settings_module=Modules.spiders.realtylink.realtylink.settings
2026-07-01 17:35:09,423 [ERROR] Modules.user_GUI.back_end.spider_service: Failed loading spider key=realtylink module=Modules.spiders.realtylink.realtylink.spiders.realtylink_spider class=RealtylinkSpiderSpider
Traceback (most recent call last):
  File "C:\Users\Hp\Desktop\4260_presentation-clean\Modules\user_GUI\back_end\spider_service.py", line 251, in run_spider_by_key
    module = import_module(module_name)
  File "C:\Users\Hp\AppData\Local\Programs\Python\Python313\Lib\importlib\__init__.py", line 88, in import_module
    return _bootstrap._gcd_import(name[level:], package, level)
           ~~~~~~~~~~~~~~~~~~~~~~^^^^^^^^^^^^^^^^^^^^^^^^^^^^^^
  File "<frozen importlib._bootstrap>", line 1387, in _gcd_import
  File "<frozen importlib._bootstrap>", line 1360, in _find_and_load
  File "<frozen importlib._bootstrap>", line 1331, in _find_and_load_unlocked
  File "<frozen importlib._bootstrap>", line 935, in _load_unlocked
  File "<frozen importlib._bootstrap_external>", line 1019, in exec_module
  File "<frozen importlib._bootstrap_external>", line 1157, in get_code
  File "<frozen importlib._bootstrap_external>", line 1087, in source_to_code
  File "<frozen importlib._bootstrap>", line 488, in _call_with_frames_removed
  File "C:\Users\Hp\Desktop\4260_presentation-clean\Modules\spiders\realtylink\realtylink\spiders\realtylink_spider.py", line 12
    <<<<<<< HEAD
    ^^
SyntaxError: invalid syntax
Traceback (most recent call last):
  File "<frozen runpy>", line 198, in _run_module_as_main
  File "<frozen runpy>", line 88, in _run_code
  File "C:\Users\Hp\Desktop\4260_presentation-clean\Modules\user_GUI\back_end\spider_runner.py", line 12, in <module>
    main()
    ~~~~^^
  File "C:\Users\Hp\Desktop\4260_presentation-clean\Modules\user_GUI\back_end\spider_runner.py", line 9, in main
    run_spider_by_key(args.spider_key)
    ~~~~~~~~~~~~~~~~~^^^^^^^^^^^^^^^^^
  File "C:\Users\Hp\Desktop\4260_presentation-clean\Modules\user_GUI\back_end\spider_service.py", line 251, in run_spider_by_key
    module = import_module(module_name)
  File "C:\Users\Hp\AppData\Local\Programs\Python\Python313\Lib\importlib\__init__.py", line 88, in import_module
    return _bootstrap._gcd_import(name[level:], package, level)
           ~~~~~~~~~~~~~~~~~~~~~~^^^^^^^^^^^^^^^^^^^^^^^^^^^^^^
  File "<frozen importlib._bootstrap>", line 1387, in _gcd_import
  File "<frozen importlib._bootstrap>", line 1360, in _find_and_load
  File "<frozen importlib._bootstrap>", line 1331, in _find_and_load_unlocked
  File "<frozen importlib._bootstrap>", line 935, in _load_unlocked
  File "<frozen importlib._bootstrap_external>", line 1019, in exec_module
  File "<frozen importlib._bootstrap_external>", line 1157, in get_code
  File "<frozen importlib._bootstrap_external>", line 1087, in source_to_code
  File "<frozen importlib._bootstrap>", line 488, in _call_with_frames_removed
  File "C:\Users\Hp\Desktop\4260_presentation-clean\Modules\spiders\realtylink\realtylink\spiders\realtylink_spider.py", line 12
    <<<<<<< HEAD
    ^^
SyntaxError: invalid syntax
